// Jest Snapshot v1, https://goo.gl/fbAQLP

exports[`Header renders correctly 1`] = `
<div>
  <div
    class="header-container"
  >
    <div
      class="rs-header"
    >
      <div
        class="rs-navbar rs-navbar-inverse"
        role="navigation"
      >
        <div
          class="rs-navbar-header"
        >
          <img
            alt="vulnerable app logo"
            height="55"
            src="Logo.png"
            width="55"
          />
        </div>
        <div
          class="rs-navbar-body"
        >
          <div
            class="rs-nav rs-nav-default rs-navbar-nav rs-nav-horizontal"
          >
            <ul>
              <li
                class="rs-nav-item"
              >
                <a
                  class="rs-nav-item-content"
                  role="button"
                  tabindex="0"
                >
                  <b>
                    Owasp VulnerableApp-Facade
                  </b>
                  <span
                    class="rs-ripple-pond"
                  >
                    <span
                      class="rs-ripple"
                    />
                  </span>
                </a>
              </li>
            </ul>
          </div>
          <div
            class="rs-nav rs-nav-default rs-navbar-nav rs-navbar-right rs-nav-horizontal"
          >
            <ul>
              <li
                class="rs-nav-item mode-nav-item"
              >
                <a
                  class="rs-nav-item-content"
                  role="button"
                  tabindex="0"
                >
                  <div
                    class="mode-toggle-wrapper"
                  >
                    <div
                      class="mode-toggle-container"
                    >
                      <button
                        class="mode-button challenge-btn  "
                      >
                        Challenge Mode
                      </button>
                      <button
                        class="mode-button scanner-btn mode-button-active"
                      >
                        Scanner Mode
                      </button>
                    </div>
                  </div>
                  <span
                    class="rs-ripple-pond"
                  >
                    <span
                      class="rs-ripple"
                    />
                  </span>
                </a>
              </li>
              <li
                class="rs-nav-item"
              >
                <a
                  class="rs-nav-item-content"
                  role="button"
                  tabindex="0"
                >
                  <i
                    class="rs-icon rs-icon-home"
                    role="img"
                  />
                  Home
                  <span
                    class="rs-ripple-pond"
                  >
                    <span
                      class="rs-ripple"
                    />
                  </span>
                </a>
              </li>
              <li
                class="rs-nav-item"
              >
                <a
                  class="rs-nav-item-content"
                  role="button"
                  tabindex="0"
                >
                  About Us
                  <span
                    class="rs-ripple-pond"
                  >
                    <span
                      class="rs-ripple"
                    />
                  </span>
                </a>
              </li>
              <li
                class="rs-dropdown rs-dropdown-placement-bottom-start"
                role="menu"
              >
                <ul
                  class="rs-dropdown-menu"
                  role="menu"
                >
                  <li
                    class="rs-dropdown-item"
                  >
                    <a
                      class="rs-dropdown-item-content"
                      href="../scanner/dast"
                      tabindex="-1"
                      title="Dynamic Application Security Testing"
                    >
                      DAST
                    </a>
                  </li>
                  <li
                    class="rs-dropdown-item"
                  >
                    <a
                      class="rs-dropdown-item-content"
                      href="../scanner/sast"
                      tabindex="-1"
                      title="Static Application Security Testing"
                    >
                      SAST
                    </a>
                  </li>
                </ul>
                <a
                  class="rs-btn rs-btn-subtle rs-dropdown-toggle"
                  tabindex="0"
                >
                  Scanners
                  <span
                    class="rs-dropdown-toggle-caret"
                  />
                  <span
                    class="rs-ripple-pond"
                  >
                    <span
                      class="rs-ripple"
                    />
                  </span>
                </a>
              </li>
              <li
                class="rs-nav-item"
              >
                <a
                  class="rs-nav-item-content"
                  href="https://github.com/SasanLabs/VulnerableApp-facade"
                  role="button"
                  tabindex="0"
                >
                  <i
                    class="rs-icon rs-icon-github"
                    role="img"
                  />
                  Github
                  <span
                    class="rs-ripple-pond"
                  >
                    <span
                      class="rs-ripple"
                    />
                  </span>
                </a>
              </li>
              <li
                class="rs-dropdown rs-dropdown-placement-bottom-start"
                role="menu"
              >
                <ul
                  class="rs-dropdown-menu"
                  role="menu"
                >
                  <li
                    class="rs-dropdown-item rs-dropdown-item-with-icon"
                  >
                    <a
                      class="rs-dropdown-item-content"
                      href="https://github.com/SasanLabs/VulnerableApp"
                      tabindex="-1"
                    >
                      <i
                        class="rs-dropdown-item-menu-icon rs-icon rs-icon-github"
                        role="img"
                      />
                      Owasp VulnerableApp
                    </a>
                  </li>
                  <li
                    class="rs-dropdown-item rs-dropdown-item-with-icon"
                  >
                    <a
                      class="rs-dropdown-item-content"
                      href="https://github.com/SasanLabs/LLMForge"
                      tabindex="-1"
                    >
                      <i
                        class="rs-dropdown-item-menu-icon rs-icon rs-icon-github"
                        role="img"
                      />
                      LLMForge
                    </a>
                  </li>
                  <li
                    class="rs-dropdown-item rs-dropdown-item-with-icon"
                  >
                    <a
                      class="rs-dropdown-item-content"
                      href="https://github.com/SasanLabs/SAFE"
                      tabindex="-1"
                    >
                      <i
                        class="rs-dropdown-item-menu-icon rs-icon rs-icon-github"
                        role="img"
                      />
                      Security Awareness for Everyone
                    </a>
                  </li>
                  <li
                    class="rs-dropdown-item rs-dropdown-item-with-icon"
                  >
                    <a
                      class="rs-dropdown-item-content"
                      href="https://github.com/SasanLabs/owasp-zap-jwt-addon"
                      tabindex="-1"
                    >
                      <i
                        class="rs-dropdown-item-menu-icon rs-icon rs-icon-github"
                        role="img"
                      />
                      ZAP JWT Addon
                    </a>
                  </li>
                  <li
                    class="rs-dropdown-item rs-dropdown-item-with-icon"
                  >
                    <a
                      class="rs-dropdown-item-content"
                      href="https://github.com/SasanLabs/owasp-zap-fileupload-addon"
                      tabindex="-1"
                    >
                      <i
                        class="rs-dropdown-item-menu-icon rs-icon rs-icon-github"
                        role="img"
                      />
                      ZAP FileUpload Addon
                    </a>
                  </li>
                </ul>
                <a
                  class="rs-btn rs-btn-subtle rs-dropdown-toggle"
                  tabindex="0"
                >
                  Projects by SasanLabs
                  <span
                    class="rs-dropdown-toggle-caret"
                  />
                  <span
                    class="rs-ripple-pond"
                  >
                    <span
                      class="rs-ripple"
                    />
                  </span>
                </a>
              </li>
            </ul>
          </div>
        </div>
      </div>
    </div>
  </div>
</div>
`;
